Microchip MPLAB XC8 Compiler V2.32

Linker command line:

-W-3 --edf=C:\Program Files\Microchip\xc8\v2.32\pic\dat\en_msgs.txt -cn \
  -h+dist/default/production\Lab8.production.sym \
  --cmf=dist/default/production\Lab8.production.cmf -z -Q16F887 \
  -oC:\Users\diego\AppData\Local\Temp\xcAsh04.4 --defsym=__MPLAB_BUILD=1 \
  -Mdist/default/production/Lab8.production.map -E1 -ver=XC8 Compiler \
  --acfsm=1493 -ASTACK=0110h-016Fh -pstack=STACK -ACODE=00h-07FFhx4 \
  -ASTRCODE=00h-01FFFh -ASTRING=00h-0FFhx32 -ACONST=00h-0FFhx32 \
  -AENTRY=00h-0FFhx32 -ACOMMON=070h-07Fh -ABANK0=020h-06Fh \
  -ABANK1=0A0h-0EFh -ABANK2=0110h-016Fh -ABANK3=0190h-01EFh \
  -ARAM=020h-06Fh,0A0h-0EFh,0110h-016Fh,0190h-01EFh \
  -AABS1=020h-07Fh,0A0h-0EFh,0110h-016Fh,0190h-01EFh -ASFR0=00h-01Fh \
  -ASFR1=080h-09Fh -ASFR2=0100h-010Fh -ASFR3=0180h-018Fh \
  -ACONFIG=02007h-02008h -DCONFIG=2 -AIDLOC=02000h-02003h -DIDLOC=2 \
  -AEEDATA=00h-0FFh/02100h -peeprom_data=EEDATA -DEEDATA=2 -DCODE=2 \
  -DSTRCODE=2 -DSTRING=2 -DCONST=2 -DENTRY=2 \
  -preset_vec=00h,intentry=04h,init,end_init -ppowerup=CODE -pcinit=CODE \
  -pfunctab=ENTRY -k C:\Users\diego\AppData\Local\Temp\xcAsh04.o \
  dist/default/production\Lab8.production.o 

Object code version is 3.11

Machine type is 16F887



                Name                               Link     Load   Length Selector   Space Scale
C:\Users\diego\AppData\Local\Temp\xcAsh04.o
                end_init                              E        E        3        8       0
                reset_vec                             0        0        3        0       0
                config                             2007     2007        2        0       4
dist/default/production\Lab8.production.o
                cinit                                11       11       10        8       0
                intentry                              4        4        A        8       0
                config                             2007     2007        2        0       4
                text7                               142      142       4F        8       0
                text6                                21       21       69        8       0
                text5                               235      235       17        8       0
                text4                                EA       EA       58        8       0
                text3                                8A       8A       60        8       0
                text2                               210      210       25        8       0
                text1                               1D2      1D2       3E        8       0
                maintext                            191      191       41        8       0
                cstackBANK0                          20       20        E       20       1
                cstackCOMMON                         70       70        6       70       1
                bssBANK0                             2E       2E        7       20       1
                bssCOMMON                            76       76        3       70       1

TOTAL           Name                               Link     Load   Length     Space
        CLASS   STACK          

        CLASS   CODE           
                end_init                              E        E        3         0
                cinit                                11       11       10         0
                intentry                              4        4        A         0
                reset_vec                             0        0        3         0
                text7                               142      142       4F         0
                text6                                21       21       69         0
                text5                               235      235       17         0
                text4                                EA       EA       58         0
                text3                                8A       8A       60         0
                text2                               210      210       25         0
                text1                               1D2      1D2       3E         0
                maintext                            191      191       41         0

        CLASS   STRCODE        

        CLASS   STRING         

        CLASS   CONST          

        CLASS   ENTRY          

        CLASS   COMMON         
                cstackCOMMON                         70       70        6         1
                bssCOMMON                            76       76        3         1

        CLASS   BANK0          
                cstackBANK0                          20       20        E         1
                bssBANK0                             2E       2E        7         1

        CLASS   BANK1          

        CLASS   BANK2          

        CLASS   BANK3          

        CLASS   RAM            

        CLASS   ABS1           
                abs_s1                               7E       7E        2         1

        CLASS   SFR0           

        CLASS   SFR1           

        CLASS   SFR2           

        CLASS   SFR3           

        CLASS   CONFIG         
                config                             2007     2007        2         4

        CLASS   IDLOC          

        CLASS   EEDATA         



SEGMENTS        Name                           Load    Length   Top    Selector   Space  Class     Delta

                reset_vec                      000000  000003  000003         0       0  CODE        2
                intentry                       000004  000248  00024C         8       0  CODE        2
                cstackBANK0                    000020  000015  000035        20       1  BANK0       1
                cstackCOMMON                   000070  000009  000079        70       1  COMMON      1


UNUSED ADDRESS RANGES

        Name                Unused          Largest block    Delta
        BANK0            0035-006F             3B           1
        BANK1            00A0-00EF             50           1
        BANK2            0110-016F             60           1
        BANK3            0190-01EF             60           1
        CODE             0003-0003              1           2
                         024C-1FFF            800
        COMMON           0079-007D              5           1
        CONST            0003-0003              1           2
                         024C-1FFF            100
        EEDATA           2100-21FF            100           2
        ENTRY            0003-0003              1           2
                         024C-1FFF            100
        IDLOC            2000-2003              4           2
        RAM              0035-006F             3B           1
                         00A0-00EF             50
                         0110-016F             60
                         0190-01EF             60
        SFR0             0000-001F             20           1
        SFR1             0080-009F             20           1
        SFR2             0100-010F             10           1
        SFR3             0180-018F             10           1
        STACK            0110-016F             60           1
        STRCODE          0003-0003              1           2
                         024C-1FFF           1DB4
        STRING           0003-0003              1           2
                         024C-1FFF            100

                                  Symbol Table

?___awdiv                cstackBANK0  0020
_ADCON0bits              (abs)        001F
_ADCON1bits              (abs)        009F
_ADRESH                  (abs)        001E
_ANSEL                   (abs)        0188
_ANSELH                  (abs)        0189
_INTCON                  (abs)        000B
_INTCONbits              (abs)        000B
_OPTION_REG              (abs)        0081
_OSCCONbits              (abs)        008F
_PIE1                    (abs)        008C
_PIR1                    (abs)        000C
_PIR1bits                (abs)        000C
_PORTA                   (abs)        0005
_PORTB                   (abs)        0006
_PORTC                   (abs)        0007
_PORTD                   (abs)        0008
_PORTE                   (abs)        0009
_RB4                     (abs)        0034
_RB5                     (abs)        0035
_RB6                     (abs)        0036
_T0IF                    (abs)        005A
_TMR0                    (abs)        0001
_TRISA                   (abs)        0085
_TRISB                   (abs)        0086
_TRISC                   (abs)        0087
_TRISD                   (abs)        0088
_TRISE                   (abs)        0089
__Habs1                  abs1         0000
__Hbank0                 bank0        0000
__Hbank1                 bank1        0000
__Hbank2                 bank2        0000
__Hbank3                 bank3        0000
__HbssBANK0              bssBANK0     0000
__HbssCOMMON             bssCOMMON    0000
__Hcinit                 cinit        0021
__Hclrtext               clrtext      0000
__Hcode                  code         0000
__Hcommon                common       0000
__Hconfig                config       2009
__HcstackBANK0           cstackBANK0  0000
__HcstackCOMMON          cstackCOMMON 0000
__Heeprom_data           eeprom_data  0000
__Hend_init              end_init     0011
__Hfunctab               functab      0000
__Hinit                  init         000E
__Hintentry              intentry     000E
__Hmaintext              maintext     0000
__Hpowerup               powerup      0000
__Hram                   ram          0000
__Hreset_vec             reset_vec    0003
__Hsfr0                  sfr0         0000
__Hsfr1                  sfr1         0000
__Hsfr2                  sfr2         0000
__Hsfr3                  sfr3         0000
__Hspace_0               (abs)        024C
__Hspace_1               (abs)        0079
__Hspace_2               (abs)        0000
__Hspace_3               (abs)        0000
__Hspace_4               (abs)        4010
__Hstack                 stack        0000
__Hstrings               strings      0000
__Htext                  text         0000
__Labs1                  abs1         0000
__Lbank0                 bank0        0000
__Lbank1                 bank1        0000
__Lbank2                 bank2        0000
__Lbank3                 bank3        0000
__LbssBANK0              bssBANK0     0000
__LbssCOMMON             bssCOMMON    0000
__Lcinit                 cinit        0011
__Lclrtext               clrtext      0000
__Lcode                  code         0000
__Lcommon                common       0000
__Lconfig                config       0000
__LcstackBANK0           cstackBANK0  0000
__LcstackCOMMON          cstackCOMMON 0000
__Leeprom_data           eeprom_data  0000
__Lend_init              end_init     000E
__Lfunctab               functab      0000
__Linit                  init         000E
__Lintentry              intentry     0004
__Lmaintext              maintext     0000
__Lpowerup               powerup      0000
__Lram                   ram          0000
__Lreset_vec             reset_vec    0000
__Lsfr0                  sfr0         0000
__Lsfr1                  sfr1         0000
__Lsfr2                  sfr2         0000
__Lsfr3                  sfr3         0000
__Lspace_0               (abs)        0000
__Lspace_1               (abs)        0000
__Lspace_2               (abs)        0000
__Lspace_3               (abs)        0000
__Lspace_4               (abs)        0000
__Lstack                 stack        0000
__Lstrings               strings      0000
__Ltext                  text         0000
__S0                     (abs)        024C
__S1                     (abs)        0079
__S2                     (abs)        0000
__S3                     (abs)        0000
___awdiv                 text6        0021
___awdiv@counter         cstackBANK0  0024
___awdiv@dividend        cstackBANK0  0022
___awdiv@divisor         cstackBANK0  0020
___awdiv@quotient        cstackBANK0  0026
___awdiv@sign            cstackBANK0  0025
___bmul                  text5        0235
___bmul@multiplicand     cstackCOMMON 0075
___bmul@multiplier       cstackBANK0  0022
___bmul@product          cstackBANK0  0021
___int_sp                stack        0000
___latbits               (abs)        0002
___sp                    stack        0000
___stackhi               (abs)        0000
___stacklo               (abs)        0000
__end_of___awdiv         text6        008A
__end_of___bmul          text5        024C
__end_of__initialization cinit        001D
__end_of_decimal         text4        0142
__end_of_dispasign       text2        0235
__end_of_isr             text7        0191
__end_of_main            maintext     01D2
__end_of_setup           text1        0210
__end_of_table           text3        00EA
__initialization         cinit        0011
__pbssBANK0              bssBANK0     002E
__pbssCOMMON             bssCOMMON    0076
__pcstackBANK0           cstackBANK0  0020
__pcstackCOMMON          cstackCOMMON 0070
__pintentry              intentry     0004
__pmaintext              maintext     0191
__ptext1                 text1        01D2
__ptext2                 text2        0210
__ptext3                 text3        008A
__ptext4                 text4        00EA
__ptext5                 text5        0235
__ptext6                 text6        0021
__ptext7                 text7        0142
__size_of___awdiv        (abs)        0000
__size_of___bmul         (abs)        0000
__size_of_decimal        (abs)        0000
__size_of_dispasign      (abs)        0000
__size_of_isr            (abs)        0000
__size_of_main           (abs)        0000
__size_of_setup          (abs)        0000
__size_of_table          (abs)        0000
_centenas                bssBANK0     0034
_decenas                 bssBANK0     0033
_decimal                 text4        00EA
_disp0                   bssBANK0     0031
_disp1                   bssBANK0     0030
_disp2                   bssBANK0     002F
_dispasign               text2        0210
_isr                     text7        0142
_main                    maintext     0191
_multiplex               bssCOMMON    0076
_setup                   text1        01D2
_table                   text3        008A
_unidades                bssBANK0     0032
_valor                   bssCOMMON    0077
_var                     bssBANK0     002E
btemp                    (abs)        007E
decimal@variable         cstackBANK0  002B
dispasign@arg1           cstackBANK0  0026
dispasign@arg2           cstackBANK0  0024
dispasign@arg3           cstackBANK0  0025
end_of_initialization    cinit        001D
interrupt_function       intentry     0004
intlevel0                functab      0000
intlevel1                functab      0000
intlevel2                functab      0000
intlevel3                functab      0000
intlevel4                functab      0000
intlevel5                functab      0000
reset_vec                reset_vec    0000
saved_w                  (abs)        007E
start                    init         000E
start_initialization     cinit        0011
table@tempo              cstackBANK0  0023
table@val                cstackBANK0  0022
wtemp0                   (abs)        007E


MODULE INFORMATION

Module		Function		Class		Link	Load	Size
C:\Program Files\Microchip\xc8\v2.32\pic\sources\c90\common\Umul8.c
		___bmul        		CODE           	0235	0000	23

C:\Program Files\Microchip\xc8\v2.32\pic\sources\c90\common\Umul8.c estimated size: 23

Main.c
		_decimal       		CODE           	00EA	0000	88
		_table         		CODE           	008A	0000	96
		_main          		CODE           	0191	0000	65
		_dispasign     		CODE           	0210	0000	37
		_isr           		CODE           	0142	0000	79
		_setup         		CODE           	01D2	0000	62

Main.c estimated size: 427

shared
		__initialization		CODE           	0011	0000	12

shared estimated size: 12

C:\Program Files\Microchip\xc8\v2.32\pic\sources\c90\common\awdiv.c
		___awdiv       		CODE           	0021	0000	105

C:\Program Files\Microchip\xc8\v2.32\pic\sources\c90\common\awdiv.c estimated size: 105

