Microchip MPLAB XC8 Compiler V2.32

Linker command line:

-W-3 --edf=C:\Program Files\Microchip\xc8\v2.32\pic\dat\en_msgs.txt -cn \
  -h+dist/default/production\Proyecto_2.production.sym \
  --cmf=dist/default/production\Proyecto_2.production.cmf -z -Q16F887 \
  -oC:\Users\diego\AppData\Local\Temp\xcAsjr4.4 --defsym=__MPLAB_BUILD=1 \
  -Mdist/default/production/Proyecto_2.production.map -E1 -ver=XC8 Compiler \
  --acfsm=1493 -ASTACK=0110h-016Fh -pstack=STACK -ACODE=00h-07FFhx4 \
  -ASTRCODE=00h-01FFFh -ASTRING=00h-0FFhx32 -ACONST=00h-0FFhx32 \
  -AENTRY=00h-0FFhx32 -ACOMMON=070h-07Fh -ABANK0=020h-06Fh \
  -ABANK1=0A0h-0EFh -ABANK2=0110h-016Fh -ABANK3=0190h-01EFh \
  -ARAM=020h-06Fh,0A0h-0EFh,0110h-016Fh,0190h-01EFh \
  -AABS1=020h-07Fh,0A0h-0EFh,0110h-016Fh,0190h-01EFh -ASFR0=00h-01Fh \
  -ASFR1=080h-09Fh -ASFR2=0100h-010Fh -ASFR3=0180h-018Fh \
  -ACONFIG=02007h-02008h -DCONFIG=2 -AIDLOC=02000h-02003h -DIDLOC=2 \
  -AEEDATA=00h-0FFh/02100h -peeprom_data=EEDATA -DEEDATA=2 -DCODE=2 \
  -DSTRCODE=2 -DSTRING=2 -DCONST=2 -DENTRY=2 \
  -preset_vec=00h,intentry=04h,init,end_init -ppowerup=CODE -pcinit=CODE \
  -pfunctab=ENTRY -k C:\Users\diego\AppData\Local\Temp\xcAsjr4.o \
  dist/default/production\Proyecto_2.production.o 

Object code version is 3.11

Machine type is 16F887



                Name                               Link     Load   Length Selector   Space Scale
C:\Users\diego\AppData\Local\Temp\xcAsjr4.o
                end_init                              E        E        3        8       0
                reset_vec                             0        0        3        0       0
                config                             2007     2007        2        0       4
dist/default/production\Proyecto_2.production.o
                cinit                                11       11       28        8       0
                intentry                              4        4        A        8       0
                config                             2007     2007        2        0       4
                text13                              DE5      DE5       79     1BCA       0
                text12                              D42      D42       34     1A84       0
                text11                              39A      39A      288        8       0
                text10                              CED      CED       29     19DA       0
                text9                                39       39      361        8       0
                text8                               E5E      E5E       7C     1CBC       0
                text7                               729      729       BC        8       0
                text6                               622      622      107        8       0
                text5                               7E5      7E5       15        8       0
                text4                               F64      F64       9C     1EC8       0
                text3                               CC9      CC9       24     1992       0
                text2                               EDA      EDA       8A     1DB4       0
                text1                               D76      D76       6F     1AEC       0
                maintext                            D16      D16       2C     1A2C       0
                cstackBANK0                          20       20       4B       20       1
                cstackCOMMON                         76       76        6       70       1
                dataBANK1                            A6       A6        1       A0       1
                bssBANK1                             A0       A0        6       A0       1
                dataBANK0                            6F       6F        1       20       1
                bssBANK0                             6B       6B        4       20       1
                bssCOMMON                            70       70        6       70       1
                idataBANK1                          7FB      7FB        1        8       0
                idataBANK0                          7FA      7FA        1        8       0

TOTAL           Name                               Link     Load   Length     Space
        CLASS   STACK          

        CLASS   CODE           
                end_init                              E        E        3         0
                cinit                                11       11       28         0
                intentry                              4        4        A         0
                reset_vec                             0        0        3         0
                text13                              DE5      DE5       79         0
                text12                              D42      D42       34         0
                text11                              39A      39A      288         0
                text10                              CED      CED       29         0
                text9                                39       39      361         0
                text8                               E5E      E5E       7C         0
                text7                               729      729       BC         0
                text6                               622      622      107         0
                text5                               7E5      7E5       15         0
                text4                               F64      F64       9C         0
                text3                               CC9      CC9       24         0
                text2                               EDA      EDA       8A         0
                text1                               D76      D76       6F         0
                maintext                            D16      D16       2C         0
                idataBANK1                          7FB      7FB        1         0
                idataBANK0                          7FA      7FA        1         0

        CLASS   STRCODE        

        CLASS   STRING         

        CLASS   CONST          

        CLASS   ENTRY          

        CLASS   COMMON         
                cstackCOMMON                         76       76        6         1
                bssCOMMON                            70       70        6         1

        CLASS   BANK0          
                cstackBANK0                          20       20       4B         1
                dataBANK0                            6F       6F        1         1
                bssBANK0                             6B       6B        4         1

        CLASS   BANK1          
                dataBANK1                            A6       A6        1         1
                bssBANK1                             A0       A0        6         1

        CLASS   BANK2          

        CLASS   BANK3          

        CLASS   RAM            

        CLASS   ABS1           
                abs_s1                               7E       7E        2         1

        CLASS   SFR0           

        CLASS   SFR1           

        CLASS   SFR2           

        CLASS   SFR3           

        CLASS   CONFIG         
                config                             2007     2007        2         4

        CLASS   IDLOC          

        CLASS   EEDATA         



SEGMENTS        Name                           Load    Length   Top    Selector   Space  Class     Delta

                reset_vec                      000000  000003  000003         0       0  CODE        2
                intentry                       000004  0007F8  0007FC         8       0  CODE        2
                cstackBANK0                    000020  000050  000070        20       1  BANK0       1
                bssCOMMON                      000070  00000C  00007C        70       1  COMMON      1
                bssBANK1                       0000A0  000007  0000A7        A0       1  BANK1       1
                text3                          000CC9  000024  000CED      1992       0  CODE        2
                text10                         000CED  000029  000D16      19DA       0  CODE        2
                maintext                       000D16  00002C  000D42      1A2C       0  CODE        2
                text12                         000D42  000034  000D76      1A84       0  CODE        2
                text1                          000D76  00006F  000DE5      1AEC       0  CODE        2
                text13                         000DE5  000079  000E5E      1BCA       0  CODE        2
                text8                          000E5E  00007C  000EDA      1CBC       0  CODE        2
                text2                          000EDA  00008A  000F64      1DB4       0  CODE        2
                text4                          000F64  00009C  001000      1EC8       0  CODE        2


UNUSED ADDRESS RANGES

        Name                Unused          Largest block    Delta
        BANK1            00A7-00EF             49           1
        BANK2            0110-016F             60           1
        BANK3            0190-01EF             60           1
        CODE             0003-0003              1           2
                         07FC-0CC8              4
                         1000-1FFF            800
        COMMON           007C-007D              2           1
        CONST            0003-0003              1           2
                         07FC-0CC8            100
                         1000-1FFF            100
        EEDATA           2100-21FF            100           2
        ENTRY            0003-0003              1           2
                         07FC-0CC8            100
                         1000-1FFF            100
        IDLOC            2000-2003              4           2
        RAM              00A7-00EF             49           1
                         0110-016F             60
                         0190-01EF             60
        SFR0             0000-001F             20           1
        SFR1             0080-009F             20           1
        SFR2             0100-010F             10           1
        SFR3             0180-018F             10           1
        STACK            0110-016F             60           1
        STRCODE          0003-0003              1           2
                         07FC-0CC8            4CD
                         1000-1FFF           1000
        STRING           0003-0003              1           2
                         07FC-0CC8            100
                         1000-1FFF            100

                                  Symbol Table

?__Umul8_16              cstackBANK0  0020
?___fladd                cstackBANK0  0048
?___flmul                cstackBANK0  002E
?___fltol                cstackBANK0  005C
?___xxtofl               cstackBANK0  0020
_ADCON0bits              (abs)        001F
_ADCON1bits              (abs)        009F
_ADRESH                  (abs)        001E
_ANSEL                   (abs)        0188
_ANSELH                  (abs)        0189
_BAUDCTLbits             (abs)        0187
_CCP1CON                 (abs)        0017
_CCP2CON                 (abs)        001D
_CCPR1L                  (abs)        0015
_CCPR2L                  (abs)        001B
_EEADR                   (abs)        010D
_EECON1bits              (abs)        018C
_EECON2                  (abs)        018D
_EEDAT                   (abs)        010C
_EEDATA                  (abs)        010C
_INTCON                  (abs)        000B
_INTCONbits              (abs)        000B
_OPTION_REG              (abs)        0081
_OSCCONbits              (abs)        008F
_PIE1                    (abs)        008C
_PIE2                    (abs)        008D
_PIR1                    (abs)        000C
_PIR1bits                (abs)        000C
_PIR2                    (abs)        000D
_PIR2bits                (abs)        000D
_PORTA                   (abs)        0005
_PORTB                   (abs)        0006
_PORTC                   (abs)        0007
_PORTD                   (abs)        0008
_PORTE                   (abs)        0009
_PR2                     (abs)        0092
_PWMEX                   bssBANK1     00A2
_RC3                     (abs)        003B
_RCREG                   (abs)        001A
_RCSTAbits               (abs)        0018
_REC                     bssCOMMON    0073
_SPBRG                   (abs)        0099
_SPBRGH                  (abs)        009A
_T0IF                    (abs)        005A
_T1CON                   (abs)        0010
_T2CON                   (abs)        0012
_TMR0                    (abs)        0001
_TMR1                    (abs)        000E
_TMR1H                   (abs)        000F
_TMR1IF                  (abs)        0060
_TMR1L                   (abs)        000E
_TRISA                   (abs)        0085
_TRISB                   (abs)        0086
_TRISC                   (abs)        0087
_TRISD                   (abs)        0088
_TRISE                   (abs)        0089
_TXSTAbits               (abs)        0098
__Habs1                  abs1         0000
__Hbank0                 bank0        0000
__Hbank1                 bank1        0000
__Hbank2                 bank2        0000
__Hbank3                 bank3        0000
__HbssBANK0              bssBANK0     0000
__HbssBANK1              bssBANK1     0000
__HbssCOMMON             bssCOMMON    0000
__Hcinit                 cinit        0039
__Hclrtext               clrtext      0000
__Hcode                  code         0000
__Hcommon                common       0000
__Hconfig                config       2009
__HcstackBANK0           cstackBANK0  0000
__HcstackCOMMON          cstackCOMMON 0000
__HdataBANK0             dataBANK0    0000
__HdataBANK1             dataBANK1    0000
__Heeprom_data           eeprom_data  0000
__Hend_init              end_init     0011
__Hfunctab               functab      0000
__HidataBANK0            idataBANK0   0000
__HidataBANK1            idataBANK1   0000
__Hinit                  init         000E
__Hintentry              intentry     000E
__Hmaintext              maintext     0000
__Hpowerup               powerup      0000
__Hram                   ram          0000
__Hreset_vec             reset_vec    0003
__Hsfr0                  sfr0         0000
__Hsfr1                  sfr1         0000
__Hsfr2                  sfr2         0000
__Hsfr3                  sfr3         0000
__Hspace_0               (abs)        1000
__Hspace_1               (abs)        00A7
__Hspace_2               (abs)        0000
__Hspace_3               (abs)        0000
__Hspace_4               (abs)        4010
__Hstack                 stack        0000
__Hstrings               strings      0000
__Htext                  text         0000
__Labs1                  abs1         0000
__Lbank0                 bank0        0000
__Lbank1                 bank1        0000
__Lbank2                 bank2        0000
__Lbank3                 bank3        0000
__LbssBANK0              bssBANK0     0000
__LbssBANK1              bssBANK1     0000
__LbssCOMMON             bssCOMMON    0000
__Lcinit                 cinit        0011
__Lclrtext               clrtext      0000
__Lcode                  code         0000
__Lcommon                common       0000
__Lconfig                config       0000
__LcstackBANK0           cstackBANK0  0000
__LcstackCOMMON          cstackCOMMON 0000
__LdataBANK0             dataBANK0    0000
__LdataBANK1             dataBANK1    0000
__Leeprom_data           eeprom_data  0000
__Lend_init              end_init     000E
__Lfunctab               functab      0000
__LidataBANK0            idataBANK0   0000
__LidataBANK1            idataBANK1   0000
__Linit                  init         000E
__Lintentry              intentry     0004
__Lmaintext              maintext     0000
__Lpowerup               powerup      0000
__Lram                   ram          0000
__Lreset_vec             reset_vec    0000
__Lsfr0                  sfr0         0000
__Lsfr1                  sfr1         0000
__Lsfr2                  sfr2         0000
__Lsfr3                  sfr3         0000
__Lspace_0               (abs)        0000
__Lspace_1               (abs)        0000
__Lspace_2               (abs)        0000
__Lspace_3               (abs)        0000
__Lspace_4               (abs)        0000
__Lstack                 stack        0000
__Lstrings               strings      0000
__Ltext                  text         0000
__S0                     (abs)        1000
__S1                     (abs)        00A7
__S2                     (abs)        0000
__S3                     (abs)        0000
__Umul8_16               text10       0CED
__Umul8_16@multiplicand  cstackBANK0  0020
__Umul8_16@multiplier    cstackBANK0  0028
__Umul8_16@product       cstackBANK0  0024
__Umul8_16@word_mpld     cstackBANK0  0026
___fladd                 text11       039A
___fladd@a               cstackBANK0  004C
___fladd@aexp            cstackBANK0  0059
___fladd@b               cstackBANK0  0048
___fladd@bexp            cstackBANK0  005A
___fladd@grs             cstackBANK0  005B
___fladd@signs           cstackBANK0  0058
___flmul                 text9        0039
___flmul@a               cstackBANK0  0032
___flmul@aexp            cstackBANK0  003C
___flmul@b               cstackBANK0  002E
___flmul@bexp            cstackBANK0  0041
___flmul@grs             cstackBANK0  003D
___flmul@prod            cstackBANK0  0042
___flmul@sign            cstackBANK0  003B
___flmul@temp            cstackBANK0  0046
___fltol                 text8        0E5E
___fltol@exp1            cstackBANK0  0066
___fltol@f1              cstackBANK0  005C
___fltol@sign1           cstackBANK0  0065
___int_sp                stack        0000
___latbits               (abs)        0002
___sp                    stack        0000
___stackhi               (abs)        0000
___stacklo               (abs)        0000
___xxtofl                text7        0729
___xxtofl@arg            cstackBANK0  002A
___xxtofl@exp            cstackBANK0  0029
___xxtofl@sign           cstackBANK0  0028
___xxtofl@val            cstackBANK0  0020
__end_of__Umul8_16       text10       0D16
__end_of___fladd         text11       0622
__end_of___flmul         text9        039A
__end_of___fltol         text8        0EDA
__end_of___xxtofl        text7        07E5
__end_of__initialization cinit        0035
__end_of_chselect        text12       0D76
__end_of_ctrservo        text6        0729
__end_of_isr             text13       0E5E
__end_of_main            maintext     0D42
__end_of_play            text4        1000
__end_of_readEEPROM      text5        07FA
__end_of_record          text2        0F64
__end_of_setup           text1        0DE5
__end_of_writeEEPROM     text3        0CED
__initialization         cinit        0011
__pbssBANK0              bssBANK0     006B
__pbssBANK1              bssBANK1     00A0
__pbssCOMMON             bssCOMMON    0070
__pcstackBANK0           cstackBANK0  0020
__pcstackCOMMON          cstackCOMMON 0076
__pdataBANK0             dataBANK0    006F
__pdataBANK1             dataBANK1    00A6
__pidataBANK0            idataBANK0   07FA
__pidataBANK1            idataBANK1   07FB
__pintentry              intentry     0004
__pmaintext              maintext     0D16
__ptext1                 text1        0D76
__ptext10                text10       0CED
__ptext11                text11       039A
__ptext12                text12       0D42
__ptext13                text13       0DE5
__ptext2                 text2        0EDA
__ptext3                 text3        0CC9
__ptext4                 text4        0F64
__ptext5                 text5        07E5
__ptext6                 text6        0622
__ptext7                 text7        0729
__ptext8                 text8        0E5E
__ptext9                 text9        0039
__size_of__Umul8_16      (abs)        0000
__size_of___fladd        (abs)        0000
__size_of___flmul        (abs)        0000
__size_of___fltol        (abs)        0000
__size_of___xxtofl       (abs)        0000
__size_of_chselect       (abs)        0000
__size_of_ctrservo       (abs)        0000
__size_of_isr            (abs)        0000
__size_of_main           (abs)        0000
__size_of_play           (abs)        0000
__size_of_readEEPROM     (abs)        0000
__size_of_record         (abs)        0000
__size_of_setup          (abs)        0000
__size_of_writeEEPROM    (abs)        0000
_chselect                text12       0D42
_contpwm                 bssBANK1     00A4
_ctrservo                text6        0622
_isr                     text13       0DE5
_main                    maintext     0D16
_order                   bssCOMMON    0072
_orderp                  bssBANK0     006B
_play                    text4        0F64
_readEEPROM              text5        07E5
_record                  text2        0EDA
_setup                   text1        0D76
_var0                    bssBANK0     006E
_var1                    bssBANK0     006D
_var2                    bssBANK0     006C
_writeEEPROM             text3        0CC9
btemp                    (abs)        007E
end_of_initialization    cinit        0035
interrupt_function       intentry     0004
intlevel0                functab      0000
intlevel1                functab      0000
intlevel2                functab      0000
intlevel3                functab      0000
intlevel4                functab      0000
intlevel5                functab      0000
readEEPROM@address       cstackBANK0  0021
readEEPROM@data          cstackBANK0  0022
reset_vec                reset_vec    0000
saved_w                  (abs)        007E
start                    init         000E
start_initialization     cinit        0011
writeEEPROM@address      cstackBANK0  0021
writeEEPROM@data         cstackBANK0  0020
wtemp0                   (abs)        007E


MODULE INFORMATION

Module		Function		Class		Link	Load	Size
C:\Program Files\Microchip\xc8\v2.32\pic\sources\c90\common\sprcadd.c
		___fladd       		CODE           	039A	0000	648

C:\Program Files\Microchip\xc8\v2.32\pic\sources\c90\common\sprcadd.c estimated size: 648

C:\Program Files\Microchip\xc8\v2.32\pic\sources\c90\common\xxtofl.c
		___xxtofl      		CODE           	0729	0000	188

C:\Program Files\Microchip\xc8\v2.32\pic\sources\c90\common\xxtofl.c estimated size: 188

C:\Program Files\Microchip\xc8\v2.32\pic\sources\c90\common\Umul8_16.c
		__Umul8_16     		CODE           	0CED	0000	41

C:\Program Files\Microchip\xc8\v2.32\pic\sources\c90\common\Umul8_16.c estimated size: 41

MainP2.c
		_play          		CODE           	0F64	0000	156
		_ctrservo      		CODE           	0622	0000	263
		_record        		CODE           	0EDA	0000	138
		_main          		CODE           	0D16	0000	44
		_chselect      		CODE           	0D42	0000	52
		_isr           		CODE           	0DE5	0000	121
		_setup         		CODE           	0D76	0000	111
		_readEEPROM    		CODE           	07E5	0000	21
		_writeEEPROM   		CODE           	0CC9	0000	36

MainP2.c estimated size: 942

shared
		__initialization		CODE           	0011	0000	36

shared estimated size: 36

C:\Program Files\Microchip\xc8\v2.32\pic\sources\c90\common\sprcmul.c
		___flmul       		CODE           	0039	0000	865

C:\Program Files\Microchip\xc8\v2.32\pic\sources\c90\common\sprcmul.c estimated size: 865

C:\Program Files\Microchip\xc8\v2.32\pic\sources\c90\common\fltol.c
		___fltol       		CODE           	0E5E	0000	124

C:\Program Files\Microchip\xc8\v2.32\pic\sources\c90\common\fltol.c estimated size: 124

