Microchip MPLAB XC8 Compiler V2.32

Linker command line:

-W-3 --edf=C:\Program Files\Microchip\xc8\v2.32\pic\dat\en_msgs.txt -cn \
  -h+dist/default/production\Proyecto_2.production.sym \
  --cmf=dist/default/production\Proyecto_2.production.cmf -z -Q16F887 \
  -oC:\Users\diego\AppData\Local\Temp\xcAsfig.4 --defsym=__MPLAB_BUILD=1 \
  -Mdist/default/production/Proyecto_2.production.map -E1 -ver=XC8 Compiler \
  --acfsm=1493 -ASTACK=0110h-016Fh -pstack=STACK -ACODE=00h-07FFhx4 \
  -ASTRCODE=00h-01FFFh -ASTRING=00h-0FFhx32 -ACONST=00h-0FFhx32 \
  -AENTRY=00h-0FFhx32 -ACOMMON=070h-07Fh -ABANK0=020h-06Fh \
  -ABANK1=0A0h-0EFh -ABANK2=0110h-016Fh -ABANK3=0190h-01EFh \
  -ARAM=020h-06Fh,0A0h-0EFh,0110h-016Fh,0190h-01EFh \
  -AABS1=020h-07Fh,0A0h-0EFh,0110h-016Fh,0190h-01EFh -ASFR0=00h-01Fh \
  -ASFR1=080h-09Fh -ASFR2=0100h-010Fh -ASFR3=0180h-018Fh \
  -ACONFIG=02007h-02008h -DCONFIG=2 -AIDLOC=02000h-02003h -DIDLOC=2 \
  -AEEDATA=00h-0FFh/02100h -peeprom_data=EEDATA -DEEDATA=2 -DCODE=2 \
  -DSTRCODE=2 -DSTRING=2 -DCONST=2 -DENTRY=2 \
  -preset_vec=00h,intentry=04h,init,end_init -ppowerup=CODE -pcinit=CODE \
  -pfunctab=ENTRY -k C:\Users\diego\AppData\Local\Temp\xcAsfig.o \
  dist/default/production\Proyecto_2.production.o 

Object code version is 3.11

Machine type is 16F887



                Name                               Link     Load   Length Selector   Space Scale
C:\Users\diego\AppData\Local\Temp\xcAsfig.o
                end_init                              E        E        3        8       0
                reset_vec                             0        0        3        0       0
                config                             2007     2007        2        0       4
dist/default/production\Proyecto_2.production.o
                cinit                                11       11       14        8       0
                intentry                              4        4        A        8       0
                config                             2007     2007        2        0       4
                text9                               F15      F15       6F     1E2A       0
                text8                               E87      E87       34     1D0E       0
                text7                               386      386      288        8       0
                text6                               7D1      7D1       29        8       0
                text5                                25       25      361        8       0
                text4                               F84      F84       7C     1F08       0
                text3                               715      715       BC        8       0
                text2                               60E      60E      107        8       0
                text1                               EBB      EBB       5A     1D76       0
                maintext                            E71      E71       16     1CE2       0
                cstackBANK0                          20       20       4B       20       1
                cstackCOMMON                         70       70        6       70       1
                bssBANK1                             A0       A0        2       A0       1
                bssBANK0                             6B       6B        5       20       1
                bssCOMMON                            76       76        5       70       1

TOTAL           Name                               Link     Load   Length     Space
        CLASS   STACK          

        CLASS   CODE           
                end_init                              E        E        3         0
                cinit                                11       11       14         0
                intentry                              4        4        A         0
                reset_vec                             0        0        3         0
                text9                               F15      F15       6F         0
                text8                               E87      E87       34         0
                text7                               386      386      288         0
                text6                               7D1      7D1       29         0
                text5                                25       25      361         0
                text4                               F84      F84       7C         0
                text3                               715      715       BC         0
                text2                               60E      60E      107         0
                text1                               EBB      EBB       5A         0
                maintext                            E71      E71       16         0

        CLASS   STRCODE        

        CLASS   STRING         

        CLASS   CONST          

        CLASS   ENTRY          

        CLASS   COMMON         
                cstackCOMMON                         70       70        6         1
                bssCOMMON                            76       76        5         1

        CLASS   BANK0          
                cstackBANK0                          20       20       4B         1
                bssBANK0                             6B       6B        5         1

        CLASS   BANK1          
                bssBANK1                             A0       A0        2         1

        CLASS   BANK2          

        CLASS   BANK3          

        CLASS   RAM            

        CLASS   ABS1           
                abs_s1                               7E       7E        2         1

        CLASS   SFR0           

        CLASS   SFR1           

        CLASS   SFR2           

        CLASS   SFR3           

        CLASS   CONFIG         
                config                             2007     2007        2         4

        CLASS   IDLOC          

        CLASS   EEDATA         



SEGMENTS        Name                           Load    Length   Top    Selector   Space  Class     Delta

                reset_vec                      000000  000003  000003         0       0  CODE        2
                intentry                       000004  0007F6  0007FA         8       0  CODE        2
                cstackBANK0                    000020  000050  000070        20       1  BANK0       1
                cstackCOMMON                   000070  00000B  00007B        70       1  COMMON      1
                bssBANK1                       0000A0  000002  0000A2        A0       1  BANK1       1
                maintext                       000E71  000016  000E87      1CE2       0  CODE        2
                text8                          000E87  000034  000EBB      1D0E       0  CODE        2
                text1                          000EBB  00005A  000F15      1D76       0  CODE        2
                text9                          000F15  00006F  000F84      1E2A       0  CODE        2
                text4                          000F84  00007C  001000      1F08       0  CODE        2


UNUSED ADDRESS RANGES

        Name                Unused          Largest block    Delta
        BANK1            00A2-00EF             4E           1
        BANK2            0110-016F             60           1
        BANK3            0190-01EF             60           1
        CODE             0003-0003              1           2
                         07FA-0E70              6
                         1000-1FFF            800
        COMMON           007B-007D              3           1
        CONST            0003-0003              1           2
                         07FA-0E70            100
                         1000-1FFF            100
        EEDATA           2100-21FF            100           2
        ENTRY            0003-0003              1           2
                         07FA-0E70            100
                         1000-1FFF            100
        IDLOC            2000-2003              4           2
        RAM              00A2-00EF             4E           1
                         0110-016F             60
                         0190-01EF             60
        SFR0             0000-001F             20           1
        SFR1             0080-009F             20           1
        SFR2             0100-010F             10           1
        SFR3             0180-018F             10           1
        STACK            0110-016F             60           1
        STRCODE          0003-0003              1           2
                         07FA-0E70            677
                         1000-1FFF           1000
        STRING           0003-0003              1           2
                         07FA-0E70            100
                         1000-1FFF            100

                                  Symbol Table

?__Umul8_16              cstackBANK0  0020
?___fladd                cstackBANK0  0048
?___flmul                cstackBANK0  002E
?___fltol                cstackBANK0  005C
?___xxtofl               cstackBANK0  0020
_ADCON0bits              (abs)        001F
_ADCON1bits              (abs)        009F
_ADRESH                  (abs)        001E
_ANSEL                   (abs)        0188
_ANSELH                  (abs)        0189
_CCP1CON                 (abs)        0017
_CCP2CON                 (abs)        001D
_CCPR1L                  (abs)        0015
_CCPR2L                  (abs)        001B
_INTCON                  (abs)        000B
_OPTION_REG              (abs)        0081
_OSCCONbits              (abs)        008F
_PIE1                    (abs)        008C
_PIE2                    (abs)        008D
_PIR1                    (abs)        000C
_PIR1bits                (abs)        000C
_PIR2                    (abs)        000D
_PORTA                   (abs)        0005
_PORTB                   (abs)        0006
_PORTC                   (abs)        0007
_PORTD                   (abs)        0008
_PORTE                   (abs)        0009
_PR2                     (abs)        0092
_PWMEX                   bssBANK1     00A0
_RC3                     (abs)        003B
_RCREG                   (abs)        001A
_REC                     bssCOMMON    0078
_T0IF                    (abs)        005A
_T1CON                   (abs)        0010
_T2CON                   (abs)        0012
_TMR0                    (abs)        0001
_TMR1                    (abs)        000E
_TMR1H                   (abs)        000F
_TMR1IF                  (abs)        0060
_TMR1L                   (abs)        000E
_TRISA                   (abs)        0085
_TRISB                   (abs)        0086
_TRISC                   (abs)        0087
_TRISD                   (abs)        0088
_TRISE                   (abs)        0089
__Habs1                  abs1         0000
__Hbank0                 bank0        0000
__Hbank1                 bank1        0000
__Hbank2                 bank2        0000
__Hbank3                 bank3        0000
__HbssBANK0              bssBANK0     0000
__HbssBANK1              bssBANK1     0000
__HbssCOMMON             bssCOMMON    0000
__Hcinit                 cinit        0025
__Hclrtext               clrtext      0000
__Hcode                  code         0000
__Hcommon                common       0000
__Hconfig                config       2009
__HcstackBANK0           cstackBANK0  0000
__HcstackCOMMON          cstackCOMMON 0000
__Heeprom_data           eeprom_data  0000
__Hend_init              end_init     0011
__Hfunctab               functab      0000
__Hinit                  init         000E
__Hintentry              intentry     000E
__Hmaintext              maintext     0000
__Hpowerup               powerup      0000
__Hram                   ram          0000
__Hreset_vec             reset_vec    0003
__Hsfr0                  sfr0         0000
__Hsfr1                  sfr1         0000
__Hsfr2                  sfr2         0000
__Hsfr3                  sfr3         0000
__Hspace_0               (abs)        1000
__Hspace_1               (abs)        00A2
__Hspace_2               (abs)        0000
__Hspace_3               (abs)        0000
__Hspace_4               (abs)        4010
__Hstack                 stack        0000
__Hstrings               strings      0000
__Htext                  text         0000
__Labs1                  abs1         0000
__Lbank0                 bank0        0000
__Lbank1                 bank1        0000
__Lbank2                 bank2        0000
__Lbank3                 bank3        0000
__LbssBANK0              bssBANK0     0000
__LbssBANK1              bssBANK1     0000
__LbssCOMMON             bssCOMMON    0000
__Lcinit                 cinit        0011
__Lclrtext               clrtext      0000
__Lcode                  code         0000
__Lcommon                common       0000
__Lconfig                config       0000
__LcstackBANK0           cstackBANK0  0000
__LcstackCOMMON          cstackCOMMON 0000
__Leeprom_data           eeprom_data  0000
__Lend_init              end_init     000E
__Lfunctab               functab      0000
__Linit                  init         000E
__Lintentry              intentry     0004
__Lmaintext              maintext     0000
__Lpowerup               powerup      0000
__Lram                   ram          0000
__Lreset_vec             reset_vec    0000
__Lsfr0                  sfr0         0000
__Lsfr1                  sfr1         0000
__Lsfr2                  sfr2         0000
__Lsfr3                  sfr3         0000
__Lspace_0               (abs)        0000
__Lspace_1               (abs)        0000
__Lspace_2               (abs)        0000
__Lspace_3               (abs)        0000
__Lspace_4               (abs)        0000
__Lstack                 stack        0000
__Lstrings               strings      0000
__Ltext                  text         0000
__S0                     (abs)        1000
__S1                     (abs)        00A2
__S2                     (abs)        0000
__S3                     (abs)        0000
__Umul8_16               text6        07D1
__Umul8_16@multiplicand  cstackBANK0  0020
__Umul8_16@multiplier    cstackBANK0  0028
__Umul8_16@product       cstackBANK0  0024
__Umul8_16@word_mpld     cstackBANK0  0026
___fladd                 text7        0386
___fladd@a               cstackBANK0  004C
___fladd@aexp            cstackBANK0  0059
___fladd@b               cstackBANK0  0048
___fladd@bexp            cstackBANK0  005A
___fladd@grs             cstackBANK0  005B
___fladd@signs           cstackBANK0  0058
___flmul                 text5        0025
___flmul@a               cstackBANK0  0032
___flmul@aexp            cstackBANK0  003C
___flmul@b               cstackBANK0  002E
___flmul@bexp            cstackBANK0  0041
___flmul@grs             cstackBANK0  003D
___flmul@prod            cstackBANK0  0042
___flmul@sign            cstackBANK0  003B
___flmul@temp            cstackBANK0  0046
___fltol                 text4        0F84
___fltol@exp1            cstackBANK0  0066
___fltol@f1              cstackBANK0  005C
___fltol@sign1           cstackBANK0  0065
___int_sp                stack        0000
___latbits               (abs)        0002
___sp                    stack        0000
___stackhi               (abs)        0000
___stacklo               (abs)        0000
___xxtofl                text3        0715
___xxtofl@arg            cstackBANK0  002A
___xxtofl@exp            cstackBANK0  0029
___xxtofl@sign           cstackBANK0  0028
___xxtofl@val            cstackBANK0  0020
__end_of__Umul8_16       text6        07FA
__end_of___fladd         text7        060E
__end_of___flmul         text5        0386
__end_of___fltol         text4        1000
__end_of___xxtofl        text3        07D1
__end_of__initialization cinit        0021
__end_of_chselect        text8        0EBB
__end_of_ctrservo        text2        0715
__end_of_isr             text9        0F84
__end_of_main            maintext     0E87
__end_of_setup           text1        0F15
__initialization         cinit        0011
__pbssBANK0              bssBANK0     006B
__pbssBANK1              bssBANK1     00A0
__pbssCOMMON             bssCOMMON    0076
__pcstackBANK0           cstackBANK0  0020
__pcstackCOMMON          cstackCOMMON 0070
__pintentry              intentry     0004
__pmaintext              maintext     0E71
__ptext1                 text1        0EBB
__ptext2                 text2        060E
__ptext3                 text3        0715
__ptext4                 text4        0F84
__ptext5                 text5        0025
__ptext6                 text6        07D1
__ptext7                 text7        0386
__ptext8                 text8        0E87
__ptext9                 text9        0F15
__size_of__Umul8_16      (abs)        0000
__size_of___fladd        (abs)        0000
__size_of___flmul        (abs)        0000
__size_of___fltol        (abs)        0000
__size_of___xxtofl       (abs)        0000
__size_of_chselect       (abs)        0000
__size_of_ctrservo       (abs)        0000
__size_of_isr            (abs)        0000
__size_of_main           (abs)        0000
__size_of_setup          (abs)        0000
_chselect                text8        0E87
_contpwm                 bssBANK0     006B
_ctrservo                text2        060E
_isr                     text9        0F15
_main                    maintext     0E71
_setup                   text1        0EBB
_var0                    bssBANK0     006F
_var1                    bssBANK0     006E
_var2                    bssBANK0     006D
btemp                    (abs)        007E
end_of_initialization    cinit        0021
interrupt_function       intentry     0004
intlevel0                functab      0000
intlevel1                functab      0000
intlevel2                functab      0000
intlevel3                functab      0000
intlevel4                functab      0000
intlevel5                functab      0000
reset_vec                reset_vec    0000
saved_w                  (abs)        007E
start                    init         000E
start_initialization     cinit        0011
wtemp0                   (abs)        007E


MODULE INFORMATION

Module		Function		Class		Link	Load	Size
C:\Program Files\Microchip\xc8\v2.32\pic\sources\c90\common\sprcadd.c
		___fladd       		CODE           	0386	0000	648

C:\Program Files\Microchip\xc8\v2.32\pic\sources\c90\common\sprcadd.c estimated size: 648

C:\Program Files\Microchip\xc8\v2.32\pic\sources\c90\common\xxtofl.c
		___xxtofl      		CODE           	0715	0000	188

C:\Program Files\Microchip\xc8\v2.32\pic\sources\c90\common\xxtofl.c estimated size: 188

C:\Program Files\Microchip\xc8\v2.32\pic\sources\c90\common\Umul8_16.c
		__Umul8_16     		CODE           	07D1	0000	41

C:\Program Files\Microchip\xc8\v2.32\pic\sources\c90\common\Umul8_16.c estimated size: 41

MainP2.c
		_ctrservo      		CODE           	060E	0000	263
		_main          		CODE           	0E71	0000	22
		_chselect      		CODE           	0E87	0000	52
		_isr           		CODE           	0F15	0000	111
		_setup         		CODE           	0EBB	0000	90

MainP2.c estimated size: 538

shared
		__initialization		CODE           	0011	0000	16

shared estimated size: 16

C:\Program Files\Microchip\xc8\v2.32\pic\sources\c90\common\sprcmul.c
		___flmul       		CODE           	0025	0000	865

C:\Program Files\Microchip\xc8\v2.32\pic\sources\c90\common\sprcmul.c estimated size: 865

C:\Program Files\Microchip\xc8\v2.32\pic\sources\c90\common\fltol.c
		___fltol       		CODE           	0F84	0000	124

C:\Program Files\Microchip\xc8\v2.32\pic\sources\c90\common\fltol.c estimated size: 124

